---
source: crates/cli/tests/snapshot_tests.rs
expression: json_str
---
[
  {
    "type": "issue",
    "check_name": "plow/unused-dependency",
    "description": "Package 'lodash' is in dependencies but never imported",
    "categories": [
      "Bug Risk"
    ],
    "severity": "major",
    "fingerprint": "e2e2b90970ca2c99",
    "location": {
      "path": "package.json",
      "lines": {
        "begin": 5
      }
    }
  }
]
